python : ..F..
所在位置 行:1 字符: 47
+ ... \Documents\chemd
eep"; python tests/tes
t_bot_mobile_ui.py 2>&
1 | Tee-O ...
+                     
      ~~~~~~~~~~~~~~~~
~~~~~~~~~~~~~~~~~~~~~~
~
    + CategoryInfo    
          : NotSpeci  
  fied: (..F..:Stri   
 ng) [], RemoteExc    
eption
    + FullyQualifiedE 
   rrorId : NativeCo  
  mmandError
 
======================
======================
======================
====
FAIL: test_help_refact
or_logic (__main__.Tes
tMobileUX.test_help_re
factor_logic)
----------------------
----------------------
----------------------
----
Traceback (most recent
 call last):
  File "F:\YING\Docume
nts\chemdeep\tests\tes
t_bot_mobile_ui.py", l
ine 113, in test_help_
refactor_logic
    self.assertIn("Bas
ic Commands", args[1])
AssertionError: 'Basic
 Commands' not found i
n '\U0001f916 **ChemDe
ep Bot Help**\n\n\U000
1f4cc *Basic*\n`/help`
 - 显示帮助信息\n  Usage: `/
help [group|all]`\n\n\
U0001f4cc *Config*\n`/
config` - 查看当前配置 (Toke
n已脱敏)\n  Usage: `/conf
ig [reset]`\n`/key set
` - 设置 API Key (加密存储)\
n  Usage: `/key set <s
k-...>`\n'

----------------------
----------------------
----------------------
----
Ran 5 tests in 0.003s

FAILED (failures=1)
